<Call>
    <Identifier>foo</Identifier>
    <ArgumentList>
        <Call>
            <Identifier>bar</Identifier>
            <ArgumentList>
                <Binary operator="+">
                    <LiteralInteger>1</LiteralInteger>
                    <LiteralInteger>2</LiteralInteger>
                </Binary>
            </ArgumentList>
        </Call>
    </ArgumentList>
</Call>
