<SnowType>
    <Identifier>MyDelegate</Identifier>
    <TypeFunction>
        <TypeFunctionParameterList>
            <TypeFunctionParameter>
                <Identifier>num</Identifier>
                <Identifier>int</Identifier>
            </TypeFunctionParameter>
        </TypeFunctionParameterList>
        <Identifier>string</Identifier>
    </TypeFunction>
</SnowType>
