<PrimitiveOperation>
    <Identifier>add</Identifier>
    <ArgumentList>
        <Identifier>a</Identifier>
        <PrimitiveOperation>
            <Identifier>mul</Identifier>
            <ArgumentList>
                <LiteralInteger>4</LiteralInteger>
                <Identifier>e</Identifier>
            </ArgumentList>
        </PrimitiveOperation>
    </ArgumentList>
</PrimitiveOperation>
