<Binary operator="+">
    <Binary operator=".">
        <Binary operator="[">
            <Identifier>a</Identifier>
            <LiteralInteger>0</LiteralInteger>
        </Binary>
        <Identifier>property</Identifier>
    </Binary>
    <Binary operator="+">
        <LiteralString>"12"</LiteralString>
        <LiteralInteger>3</LiteralInteger>
    </Binary>
</Binary>
