<SnowType>
    <Identifier>IFoo</Identifier>
    <TypeInterface>
        <TypeInterfaceMember>
            <Identifier>doSmth</Identifier>
            <Argument>
                <Identifier>value</Identifier>
                <Identifier>int</Identifier>
            </Argument>
            <Identifier>int</Identifier>
        </TypeInterfaceMember>
    </TypeInterface>
</SnowType>
