<SnowType>
    <Identifier>IFoo</Identifier>
    <SnowInterface>
        <InterfaceMember>
            <Identifier>doSmth</Identifier>
            <Argument>
                <Identifier>value</Identifier>
                <Identifier>int</Identifier>
            </Argument>
            <Identifier>int</Identifier>
        </InterfaceMember>
        <InterfaceMember>
            <Identifier>doSmthElse</Identifier>
            <Argument>
                <Identifier>value</Identifier>
                <Identifier>int</Identifier>
            </Argument>
            <Argument>
                <Identifier>value2</Identifier>
                <Identifier>string</Identifier>
            </Argument>
            <Identifier>long</Identifier>
        </InterfaceMember>
    </SnowInterface>
</SnowType>
