<SnowType>
    <Identifier>IFoo</Identifier>
    <SnowTypeMember>
        <Identifier>doSmth</Identifier>
        <Argument>
            <Identifier>value</Identifier>
            <Identifier>int</Identifier>
        </Argument>
        <Identifier>int</Identifier>
    </SnowTypeMember>
    <SnowTypeMember>
        <Identifier>doSmthElse</Identifier>
        <Argument>
            <Identifier>value</Identifier>
            <Identifier>int</Identifier>
        </Argument>
        <Argument>
            <Identifier>value2</Identifier>
            <Identifier>string</Identifier>
        </Argument>
        <Identifier>long</Identifier>
    </SnowTypeMember>
</SnowType>
